Script started on Sun 17 May 2015 11:51:27 PM PDT
~
amah001@hammer $ ls
[0m[01;32m3-4.cpp[0m*     [01;34mDocuments[0m/  [01;32mmain.o[0m*     [01;34mPictures[0m/      [01;32mSILAB5.cc[0m*  [01;34mVideos[0m/
[01;32m3-4.out[0m*     [01;34mDownloads[0m/  [01;34mMusic[0m/      piping.script  [01;34mtagstuff[0m/
[01;32ma.out[0m*       [01;34mhw2[0m/        [01;32mMyList.cc[0m*  [01;34mPublic[0m/        [01;34mTemplates[0m/
[01;34mcs100stuff[0m/  [01;34mhw_2[0m/       [01;32mMyList.H[0m*   [01;34mrshell[0m/        TEST'
[01;34mDesktop[0m/     [01;32mmain.cc[0m*    [01;32mNode.h[0m*     [01;32mSILab4.cc[0m*     [01;34mteststuff[0m/
[m~
amah001@hammer $ cd hw_2
~/hw_2
amah001@hammer $ ls
piping.script
~/hw_2
amah001@hammer $ git clone h t t p s : / / g i t h u b . c o m / a m a h 0 0 1 / r s h e l l . g i t [4h [4l
Initialized empty Git repository in /home/csmajs/amah001/hw_2/rshell/.git/
remote: Counting objects: 289, done.[K
remote: Compressing objects:   1% (1/79)   [Kremote: Compressing objects:   2% (2/79)   [Kremote: Compressing objects:   3% (3/79)   [Kremote: Compressing objects:   5% (4/79)   [Kremote: Compressing objects:   6% (5/79)   [Kremote: Compressing objects:   7% (6/79)   [Kremote: Compressing objects:   8% (7/79)   [Kremote: Compressing objects:  10% (8/79)   [Kremote: Compressing objects:  11% (9/79)   [Kremote: Compressing objects:  12% (10/79)   [Kremote: Compressing objects:  13% (11/79)   [Kremote: Compressing objects:  15% (12/79)   [Kremote: Compressing objects:  16% (13/79)   [Kremote: Compressing objects:  17% (14/79)   [Kremote: Compressing objects:  18% (15/79)   [Kremote: Compressing objects:  20% (16/79)   [Kremote: Compressing objects:  21% (17/79)   [Kremote: Compressing objects:  22% (18/79)   [Kremote: Compressing objects:  24% (19/79)   [Kremote: Compressing objects:  25% (20/79)   [Kremote: Compressing objects:  26% (21/79)   [Kremote: Compressing objects:  27% (22/79)   [Kremote: Compressing objects:  29% (23/79)   [Kremote: Compressing objects:  30% (24/79)   [Kremote: Compressing objects:  31% (25/79)   [Kremote: Compressing objects:  32% (26/79)   [Kremote: Compressing objects:  34% (27/79)   [Kremote: Compressing objects:  35% (28/79)   [Kremote: Compressing objects:  36% (29/79)   [Kremote: Compressing objects:  37% (30/79)   [Kremote: Compressing objects:  39% (31/79)   [Kremote: Compressing objects:  40% (32/79)   [Kremote: Compressing objects:  41% (33/79)   [Kremote: Compressing objects:  43% (34/79)   [Kremote: Compressing objects:  44% (35/79)   [Kremote: Compressing objects:  45% (36/79)   [Kremote: Compressing objects:  46% (37/79)   [Kremote: Compressing objects:  48% (38/79)   [Kremote: Compressing objects:  49% (39/79)   [Kremote: Compressing objects:  50% (40/79)   [Kremote: Compressing objects:  51% (41/79)   [Kremote: Compressing objects:  53% (42/79)   [Kremote: Compressing objects:  54% (43/79)   [Kremote: Compressing objects:  55% (44/79)   [Kremote: Compressing objects:  56% (45/79)   [Kremote: Compressing objects:  58% (46/79)   [Kremote: Compressing objects:  59% (47/79)   [Kremote: Compressing objects:  60% (48/79)   [Kremote: Compressing objects:  62% (49/79)   [Kremote: Compressing objects:  63% (50/79)   [Kremote: Compressing objects:  64% (51/79)   [Kremote: Compressing objects:  65% (52/79)   [Kremote: Compressing objects:  67% (53/79)   [Kremote: Compressing objects:  68% (54/79)   [Kremote: Compressing objects:  69% (55/79)   [Kremote: Compressing objects:  70% (56/79)   [Kremote: Compressing objects:  72% (57/79)   [Kremote: Compressing objects:  73% (58/79)   [Kremote: Compressing objects:  74% (59/79)   [Kremote: Compressing objects:  75% (60/79)   [Kremote: Compressing objects:  77% (61/79)   [Kremote: Compressing objects:  78% (62/79)   [Kremote: Compressing objects:  79% (63/79)   [Kremote: Compressing objects:  81% (64/79)   [Kremote: Compressing objects:  82% (65/79)   [Kremote: Compressing objects:  83% (66/79)   [Kremote: Compressing objects:  84% (67/79)   [Kremote: Compressing objects:  86% (68/79)   [Kremote: Compressing objects:  87% (69/79)   [Kremote: Compressing objects:  88% (70/79)   [Kremote: Compressing objects:  89% (71/79)   [Kremote: Compressing objects:  91% (72/79)   [Kremote: Compressing objects:  92% (73/79)   [Kremote: Compressing objects:  93% (74/79)   [Kremote: Compressing objects:  94% (75/79)   [Kremote: Compressing objects:  96% (76/79)   [Kremote: Compressing objects:  97% (77/79)   [Kremote: Compressing objects:  98% (78/79)   [Kremote: Compressing objects: 100% (79/79)   [Kremote: Compressing objects: 100% (79/79), done.[K
Receiving objects:   0% (1/289)   Receiving objects:   1% (3/289)   Receiving objects:   2% (6/289)   Receiving objects:   3% (9/289)   Receiving objects:   4% (12/289)   Receiving objects:   5% (15/289)   Receiving objects:   6% (18/289)   Receiving objects:   7% (21/289)   Receiving objects:   8% (24/289)   Receiving objects:   9% (27/289)   Receiving objects:  10% (29/289)   Receiving objects:  11% (32/289)   Receiving objects:  12% (35/289)   Receiving objects:  13% (38/289)   Receiving objects:  14% (41/289)   Receiving objects:  15% (44/289)   Receiving objects:  16% (47/289)   Receiving objects:  17% (50/289)   Receiving objects:  18% (53/289)   Receiving objects:  19% (55/289)   Receiving objects:  20% (58/289)   Receiving objects:  21% (61/289)   Receiving objects:  22% (64/289)   Receiving objects:  23% (67/289)   Receiving objects:  24% (70/289)   Receiving objects:  25% (73/289)   Receiving objects:  26% (76/289)   Receiving objects:  27% (79/289)   Receiving objects:  28% (81/289)   Receiving objects:  29% (84/289)   Receiving objects:  30% (87/289)   Receiving objects:  31% (90/289)   Receiving objects:  32% (93/289)   Receiving objects:  33% (96/289)   Receiving objects:  34% (99/289)   Receiving objects:  35% (102/289)   Receiving objects:  36% (105/289)   Receiving objects:  37% (107/289)   Receiving objects:  38% (110/289)   Receiving objects:  39% (113/289)   Receiving objects:  40% (116/289)   Receiving objects:  41% (119/289)   Receiving objects:  42% (122/289)   Receiving objects:  43% (125/289)   Receiving objects:  44% (128/289)   Receiving objects:  45% (131/289)   Receiving objects:  46% (133/289)   remote: Total 289 (delta 55), reused 0 (delta 0), pack-reused 210[K
Receiving objects:  47% (136/289)   Receiving objects:  48% (139/289)   Receiving objects:  49% (142/289)   Receiving objects:  50% (145/289)   Receiving objects:  51% (148/289)   Receiving objects:  52% (151/289)   Receiving objects:  53% (154/289)   Receiving objects:  54% (157/289)   Receiving objects:  55% (159/289)   Receiving objects:  56% (162/289)   Receiving objects:  57% (165/289)   Receiving objects:  58% (168/289)   Receiving objects:  59% (171/289)   Receiving objects:  60% (174/289)   Receiving objects:  61% (177/289)   Receiving objects:  62% (180/289)   Receiving objects:  63% (183/289)   Receiving objects:  64% (185/289)   Receiving objects:  65% (188/289)   Receiving objects:  66% (191/289)   Receiving objects:  67% (194/289)   Receiving objects:  68% (197/289)   Receiving objects:  69% (200/289)   Receiving objects:  70% (203/289)   Receiving objects:  71% (206/289)   Receiving objects:  72% (209/289)   Receiving objects:  73% (211/289)   Receiving objects:  74% (214/289)   Receiving objects:  75% (217/289)   Receiving objects:  76% (220/289)   Receiving objects:  77% (223/289)   Receiving objects:  78% (226/289)   Receiving objects:  79% (229/289)   Receiving objects:  80% (232/289)   Receiving objects:  81% (235/289)   Receiving objects:  82% (237/289)   Receiving objects:  83% (240/289)   Receiving objects:  84% (243/289)   Receiving objects:  85% (246/289)   Receiving objects:  86% (249/289)   Receiving objects:  87% (252/289)   Receiving objects:  88% (255/289)   Receiving objects:  89% (258/289)   Receiving objects:  90% (261/289)   Receiving objects:  91% (263/289)   Receiving objects:  92% (266/289)   Receiving objects:  93% (269/289)   Receiving objects:  94% (272/289)   Receiving objects:  95% (275/289)   Receiving objects:  96% (278/289)   Receiving objects:  97% (281/289)   Receiving objects:  98% (284/289)   Receiving objects:  99% (287/289)   Receiving objects: 100% (289/289)   Receiving objects: 100% (289/289), 62.30 KiB, done.
Resolving deltas:   0% (0/122)   Resolving deltas:   1% (2/122)   Resolving deltas:   4% (5/122)   Resolving deltas:   5% (7/122)   Resolving deltas:   7% (9/122)   Resolving deltas:  10% (13/122)   Resolving deltas:  11% (14/122)   Resolving deltas:  21% (26/122)   Resolving deltas:  22% (27/122)   Resolving deltas:  23% (29/122)   Resolving deltas:  26% (32/122)   Resolving deltas:  30% (37/122)   Resolving deltas:  36% (44/122)   Resolving deltas:  37% (46/122)   Resolving deltas:  40% (50/122)   Resolving deltas:  41% (51/122)   Resolving deltas:  46% (57/122)   Resolving deltas:  48% (59/122)   Resolving deltas:  52% (64/122)   Resolving deltas:  53% (65/122)   Resolving deltas:  54% (67/122)   Resolving deltas:  70% (86/122)   Resolving deltas:  85% (104/122)   Resolving deltas: 100% (122/122)   Resolving deltas: 100% (122/122), done.
~/hw_2
amah001@hammer $ git checkout hw2
error: pathspec 'hw_2/hw2' did not match any file(s) known to git.
~/hw_2
amah001@hammer $ ls
piping.script  [0m[01;34mrshell[0m/
[m~/hw_2
amah001@hammer $ cd rshell
~/hw_2/rshell
amah001@hammer $ chec[K[K[K[Kgit checkout hw2
Note: checking out 'hw2'.

You are in 'detached HEAD' state. You can look around, make experimental
changes and commit them, and you can discard any commits you make in this
state without impacting any branches by performing another checkout.

If you want to create a new branch to retain commits you create, you may
do so (now or later) by using -b with the checkout command again. Example:

  git checkout -b new_branch_name

HEAD is now at 72054a6... updated readme
~/hw_2/rshell
amah001@hammer $ mak[K[K[Kls
LICENSE  Makefile  README.md  [0m[01;34msrc[0m/  [01;34mtests[0m/
[m~/hw_2/rshell
amah001@hammer $ make
mkdir -p ./bin
g++ -Wall -Werror -ansi -pedantic ./src/test.cpp -o ./bin/rshell
mkdir -p ./bin
g++ -Wall -Werror -ansi -pedantic ./src/cp.cpp -o ./bin/cp
mkdir -p ./bin
g++ -Wall -Werror -ansi -pedantic ./src/ls.cpp -o ./bin/ls
mkdir -p ./bin
g++ -Wall -Werror -ansi -pedantic ./src/mv.cpp -o ./bin/mv
mkdir -p ./bin
g++ -Wall -Werror -ansi -pedantic ./src/rm.cpp -o ./bin/rm
~/hw_2/rshell
amah001@hammer $ bin/rshell
amah001@hammer.cs.ucr.edu:$<
error: passed in redirection as first/last argument
amah001@hammer.cs.ucr.edu:$>>
error: passed in redirection as first/last argument
amah001@hammer.cs.ucr.edu:$>
error: passed in redirection as first/last argument
amah001@hammer.cs.ucr.edu:$cat < do      #command   on erros            isolate       c if redire         reci  direction alone errors
amah001@hammer.cs.ucr.edu:$ls
bin  LICENSE  Makefile	README.md  src	tests
amah001@hammer.cs.ucr.edu:$c m echo world       hellow wo     world > world.txt 
amah001@hammer.cs.ucr.edu:$#  output redirection in non   non existing file
amah001@hammer.cs.ucr.edu:$cat world.txt         <world.       world.txt
hello world
amah001@hammer.cs.ucr.edu:$#input redirection
amah001@hammer.cs.ucr.edu:$cat >>      echo woof woof >  > dig,tx     og.txt 
amah001@hammer.cs.ucr.edu:$#i out   append redirection into non existing file
amah001@hammer.cs.ucr.edu:$cat     ls
bin  dog.txt  LICENSE  Makefile  README.md  src  tests	world.txt
amah001@hammer.cs.ucr.edu:$cat  <  dog.txt
woof woof
amah001@hammer.cs.ucr.edu:$#nospaces io input r       nput redirection
amah001@hammer.cs.ucr.edu:$cat < dog.txt < f                 echo glub f glub >  > fi   fish.txt
amah001@hammer.cs.ucr.edu:$#nospaces  a  around output redirection su ymbol
amah001@hammer.cs.ucr.edu:$cat fish.txt
glub glub
amah001@hammer.cs.ucr.edu:$cat < fish.txt < dog.txt < e wro.   orld.txt
hello world
amah001@hammer.cs.ucr.edu:$3 #only takes in fattyh    rther   ush       last input to run 
amah001@hammer.cs.ucr.edu:$cat     file. s.txt  t xt < ls
open: No such file or directory
amah001@hammer.cs.ucr.edu:$#outputer   ed          #error is   f outputr  rediec                       ls | g   > files. .txt^[[D^[[D                    >files.txt
amah001@hammer.cs.ucr.edu:$cat files.txt
bin
dog.txt
files.txt
fish.txt
LICENSE
Makefile
README.md
src
tests
world.txt
amah001@hammer.cs.ucr.edu:$ls    cat < files.txt >   copy.txt^[[D     t           >copy.txt
amah001@hammer.cs.ucr.edu:$ls  cat copy.txt
bin
dog.txt
files.txt
fish.txt
LICENSE
Makefile
README.md
src
tests
world.txt
amah001@hammer.cs.ucr.edu:$#does input to pu  output
amah001@hammer.cs.ucr.edu:$c echo bark bark                cat doglt  .txt
woof woof
amah001@hammer.cs.ucr.edu:$b bark    echo bark bark >> dog.txt
amah001@hammer.cs.ucr.edu:$cat doglt  .txt
woof woof
bark bark
amah001@hammer.cs.ucr.edu:$#appends to existing files 
amah001@hammer.cs.ucr.edu:$echo bawk woof > dog.t        >dig.   ig,t    og.txt
amah001@hammer.cs.ucr.edu:$#a out    cat dog.txt
bawk woof
amah001@hammer.cs.ucr.edu:$output      #outputs to existing file
amah001@hammer.cs.ucr.edu:$ls | grep a
Makefile
amah001@hammer.cs.ucr.edu:$ls
bin	  dog.txt    fish.txt  Makefile   src	 world.txt
copy.txt  files.txt  LICENSE   README.md  tests
amah001@hammer.cs.ucr.edu:$ls    #sinl glepipe
amah001@hammer.cs.ucr.edu:$ls|grep a   i
bin
files.txt
fish.txt
Makefile
amah001@hammer.cs.ucr.edu:$#ip  pii pe wit    wih thoutspace             withot sp    ut spaces
amah001@hammer.cs.ucr.edu:$pwd | g sort -r
/home/csmajs/amah001/hw_2/rshell
amah001@hammer.cs.ucr.edu:$# ls | -r sort -r ^[[D             sort -r
world.txt
tests
src
README.md
Makefile
LICENSE
fish.txt
files.txt
dog.txt
copy.txt
bin
amah001@hammer.cs.ucr.edu:$#pipe with spaces
amah001@hammer.cs.ucr.edu:$ls    echo world > dog.txt | sort
amah001@hammer.cs.ucr.edu:$#pipe with output redirection
amah001@hammer.cs.ucr.edu:$ps
  PID TTY          TIME CMD
35226 pts/10   00:00:00 bash
35429 pts/10   00:00:00 rshell
37433 pts/10   00:00:00 ps
amah001@hammer.cs.ucr.edu:$ls>files.cpp   txt            c ls
bin	  dog.txt    fish.txt  Makefile   src	 world.txt
copy.txt  files.txt  LICENSE   README.md  tests
amah001@hammer.cs.ucr.edu:$cat fil       pwd >  > pwd.txt
amah001@hammer.cs.ucr.edu:$ca  ls>pwd   copy.txt>pwd.    >pwd.txt
amah001@hammer.cs.ucr.edu:$#double with no space
amah001@hammer.cs.ucr.edu:$cat po  copy.txt
bin
dog.txt
files.txt
fish.txt
LICENSE
Makefile
README.md
src
tests
world.txt
amah001@hammer.cs.ucr.edu:$cat pwd.txt
/home/csmajs/amah001/hw_2/rshell
bin
copy.txt
dog.txt
files.txt
fish.txt
LICENSE
Makefile
pwd.txt
README.md
src
tests
world.txt
amah001@hammer.cs.ucr.edu:$dog.txt  >        c ecjo  h wor    o wat>         pwd>copy.txt>p  >>r readd.txt]
amah001@hammer.cs.ucr.edu:$cat copy.txt
bin
dog.txt
files.txt
fish.txt
LICENSE
Makefile
README.md
src
tests
world.txt
amah001@hammer.cs.ucr.edu:$cat readd.txt
cat: readd.txt: No such file or directory
amah001@hammer.cs.ucr.edu:$cat read.txt]
cat: read.txt]: No such file or directory
amah001@hammer.cs.ucr.edu:$;s  ls
bin	  dog.txt    fish.txt  Makefile  readd.txt]  src    world.txt
copy.txt  files.txt  LICENSE   pwd.txt	 README.md   tests
amah001@hammer.cs.ucr.edu:$car   t r	eadd.txt]
/home/csmajs/amah001/hw_2/rshell
amah001@hammer.cs.ucr.edu:$ls| grepa         copy.t      files.txt >             sort < file. s.txt > copt y.txt
amah001@hammer.cs.ucr.edu:$cat copy.txt
bin
dog.txt
files.txt
fish.txt
LICENSE
Makefile
README.md
src
tests
world.txt
amah001@hammer.cs.ucr.edu:$sot -r    rt -r R test.cpp        <files.txt <>  >c    copy.txt
amah001@hammer.cs.ucr.edu:$cat copy.txt
dog.txt
README.md
tests
src
world.txt
files.txt
fish.txt
LICENSE
Makefile
bin
amah001@hammer.cs.ucr.edu:$c l out   cat ou     echo wro         echo wrol   olrd > dog.txt t < copt y.txt
error: input redirection is after output redirection
amah001@hammer.cs.ucr.edu:$ec  #eo rro     echo wrold > dog.txt < >> copy.txt
amah001@hammer.cs.ucr.edu:$ls  cat copy.txt
dog.txt
README.md
tests
src
world.txt
files.txt
fish.txt
LICENSE
Makefile
bin
wrold
amah001@hammer.cs.ucr.edu:$eixt
execvp: No such file or directory
amah001@hammer.cs.ucr.edu:$exit
~/hw_2/rshell
amah001@hammer $ ei[K[Kexit
exit

Script done on Mon 18 May 2015 12:08:42 AM PDT
